> Task :buildSrc:checkKotlinGradlePluginConfigurationErrors SKIPPED
> Task :buildSrc:generateExternalPluginSpecBuilders UP-TO-DATE
> Task :buildSrc:extractPrecompiledScriptPluginPlugins UP-TO-DATE
> Task :buildSrc:compilePluginsBlocks UP-TO-DATE
> Task :buildSrc:generatePrecompiledScriptPluginAccessors UP-TO-DATE
> Task :buildSrc:generateScriptPluginAdapters UP-TO-DATE
> Task :buildSrc:compileKotlin UP-TO-DATE
> Task :buildSrc:compileJava NO-SOURCE
> Task :buildSrc:compileGroovy NO-SOURCE
> Task :buildSrc:pluginDescriptors UP-TO-DATE
> Task :buildSrc:processResources UP-TO-DATE
> Task :buildSrc:classes UP-TO-DATE
> Task :buildSrc:jar UP-TO-DATE

> Configure project :core:common
WARNING: Plugin `org.jetbrains.kotlin.plugin.compose` is applied but android.buildFeatures.compose is set to false and will be ignored : Compose feature will be turned on.Remove android.buildFeatures.compose flag to silence this warning.
WARNING: Plugin `org.jetbrains.kotlin.plugin.compose` is applied but android.buildFeatures.compose is set to false and will be ignored : Compose feature will be turned on.Remove android.buildFeatures.compose flag to silence this warning.
WARNING: Plugin `org.jetbrains.kotlin.plugin.compose` is applied but android.buildFeatures.compose is set to false and will be ignored : Compose feature will be turned on.Remove android.buildFeatures.compose flag to silence this warning.
WARNING: Plugin `org.jetbrains.kotlin.plugin.compose` is applied but android.buildFeatures.compose is set to false and will be ignored : Compose feature will be turned on.Remove android.buildFeatures.compose flag to silence this warning.

> Configure project :core:data
WARNING: Plugin `org.jetbrains.kotlin.plugin.compose` is applied but android.buildFeatures.compose is set to false and will be ignored : Compose feature will be turned on.Remove android.buildFeatures.compose flag to silence this warning.
WARNING: Plugin `org.jetbrains.kotlin.plugin.compose` is applied but android.buildFeatures.compose is set to false and will be ignored : Compose feature will be turned on.Remove android.buildFeatures.compose flag to silence this warning.
WARNING: Plugin `org.jetbrains.kotlin.plugin.compose` is applied but android.buildFeatures.compose is set to false and will be ignored : Compose feature will be turned on.Remove android.buildFeatures.compose flag to silence this warning.
WARNING: Plugin `org.jetbrains.kotlin.plugin.compose` is applied but android.buildFeatures.compose is set to false and will be ignored : Compose feature will be turned on.Remove android.buildFeatures.compose flag to silence this warning.

> Configure project :core:database
WARNING: Plugin `org.jetbrains.kotlin.plugin.compose` is applied but android.buildFeatures.compose is set to false and will be ignored : Compose feature will be turned on.Remove android.buildFeatures.compose flag to silence this warning.
WARNING: Plugin `org.jetbrains.kotlin.plugin.compose` is applied but android.buildFeatures.compose is set to false and will be ignored : Compose feature will be turned on.Remove android.buildFeatures.compose flag to silence this warning.
WARNING: Plugin `org.jetbrains.kotlin.plugin.compose` is applied but android.buildFeatures.compose is set to false and will be ignored : Compose feature will be turned on.Remove android.buildFeatures.compose flag to silence this warning.
WARNING: Plugin `org.jetbrains.kotlin.plugin.compose` is applied but android.buildFeatures.compose is set to false and will be ignored : Compose feature will be turned on.Remove android.buildFeatures.compose flag to silence this warning.

> Configure project :core:datastore
WARNING: Plugin `org.jetbrains.kotlin.plugin.compose` is applied but android.buildFeatures.compose is set to false and will be ignored : Compose feature will be turned on.Remove android.buildFeatures.compose flag to silence this warning.
WARNING: Plugin `org.jetbrains.kotlin.plugin.compose` is applied but android.buildFeatures.compose is set to false and will be ignored : Compose feature will be turned on.Remove android.buildFeatures.compose flag to silence this warning.
WARNING: Plugin `org.jetbrains.kotlin.plugin.compose` is applied but android.buildFeatures.compose is set to false and will be ignored : Compose feature will be turned on.Remove android.buildFeatures.compose flag to silence this warning.
WARNING: Plugin `org.jetbrains.kotlin.plugin.compose` is applied but android.buildFeatures.compose is set to false and will be ignored : Compose feature will be turned on.Remove android.buildFeatures.compose flag to silence this warning.

> Configure project :core:github-auth
WARNING: Plugin `org.jetbrains.kotlin.plugin.compose` is applied but android.buildFeatures.compose is set to false and will be ignored : Compose feature will be turned on.Remove android.buildFeatures.compose flag to silence this warning.
WARNING: Plugin `org.jetbrains.kotlin.plugin.compose` is applied but android.buildFeatures.compose is set to false and will be ignored : Compose feature will be turned on.Remove android.buildFeatures.compose flag to silence this warning.
WARNING: Plugin `org.jetbrains.kotlin.plugin.compose` is applied but android.buildFeatures.compose is set to false and will be ignored : Compose feature will be turned on.Remove android.buildFeatures.compose flag to silence this warning.
WARNING: Plugin `org.jetbrains.kotlin.plugin.compose` is applied but android.buildFeatures.compose is set to false and will be ignored : Compose feature will be turned on.Remove android.buildFeatures.compose flag to silence this warning.

> Configure project :core:github-data
WARNING: Plugin `org.jetbrains.kotlin.plugin.compose` is applied but android.buildFeatures.compose is set to false and will be ignored : Compose feature will be turned on.Remove android.buildFeatures.compose flag to silence this warning.
WARNING: Plugin `org.jetbrains.kotlin.plugin.compose` is applied but android.buildFeatures.compose is set to false and will be ignored : Compose feature will be turned on.Remove android.buildFeatures.compose flag to silence this warning.
WARNING: Plugin `org.jetbrains.kotlin.plugin.compose` is applied but android.buildFeatures.compose is set to false and will be ignored : Compose feature will be turned on.Remove android.buildFeatures.compose flag to silence this warning.
WARNING: Plugin `org.jetbrains.kotlin.plugin.compose` is applied but android.buildFeatures.compose is set to false and will be ignored : Compose feature will be turned on.Remove android.buildFeatures.compose flag to silence this warning.

> Configure project :core:github-graphql
WARNING: Plugin `org.jetbrains.kotlin.plugin.compose` is applied but android.buildFeatures.compose is set to false and will be ignored : Compose feature will be turned on.Remove android.buildFeatures.compose flag to silence this warning.
WARNING: Plugin `org.jetbrains.kotlin.plugin.compose` is applied but android.buildFeatures.compose is set to false and will be ignored : Compose feature will be turned on.Remove android.buildFeatures.compose flag to silence this warning.
WARNING: Plugin `org.jetbrains.kotlin.plugin.compose` is applied but android.buildFeatures.compose is set to false and will be ignored : Compose feature will be turned on.Remove android.buildFeatures.compose flag to silence this warning.
WARNING: Plugin `org.jetbrains.kotlin.plugin.compose` is applied but android.buildFeatures.compose is set to false and will be ignored : Compose feature will be turned on.Remove android.buildFeatures.compose flag to silence this warning.

> Configure project :core:github-rest
WARNING: Plugin `org.jetbrains.kotlin.plugin.compose` is applied but android.buildFeatures.compose is set to false and will be ignored : Compose feature will be turned on.Remove android.buildFeatures.compose flag to silence this warning.
WARNING: Plugin `org.jetbrains.kotlin.plugin.compose` is applied but android.buildFeatures.compose is set to false and will be ignored : Compose feature will be turned on.Remove android.buildFeatures.compose flag to silence this warning.
WARNING: Plugin `org.jetbrains.kotlin.plugin.compose` is applied but android.buildFeatures.compose is set to false and will be ignored : Compose feature will be turned on.Remove android.buildFeatures.compose flag to silence this warning.
WARNING: Plugin `org.jetbrains.kotlin.plugin.compose` is applied but android.buildFeatures.compose is set to false and will be ignored : Compose feature will be turned on.Remove android.buildFeatures.compose flag to silence this warning.

> Configure project :core:navigation
WARNING: Plugin `org.jetbrains.kotlin.plugin.compose` is applied but android.buildFeatures.compose is set to false and will be ignored : Compose feature will be turned on.Remove android.buildFeatures.compose flag to silence this warning.
WARNING: Plugin `org.jetbrains.kotlin.plugin.compose` is applied but android.buildFeatures.compose is set to false and will be ignored : Compose feature will be turned on.Remove android.buildFeatures.compose flag to silence this warning.
WARNING: Plugin `org.jetbrains.kotlin.plugin.compose` is applied but android.buildFeatures.compose is set to false and will be ignored : Compose feature will be turned on.Remove android.buildFeatures.compose flag to silence this warning.
WARNING: Plugin `org.jetbrains.kotlin.plugin.compose` is applied but android.buildFeatures.compose is set to false and will be ignored : Compose feature will be turned on.Remove android.buildFeatures.compose flag to silence this warning.
WARNING: We recommend using a newer Android Gradle plugin to use compileSdk = 36

This Android Gradle plugin (8.7.3) was tested up to compileSdk = 35.

You are strongly encouraged to update your project to use a newer
Android Gradle plugin that has been tested with compileSdk = 36.

If you are already using the latest version of the Android Gradle plugin,
you may need to wait until a newer version with support for compileSdk = 36 is available.

For more information refer to the compatibility table:
https://d.android.com/r/tools/api-level-support

To suppress this warning, add/update
    android.suppressUnsupportedCompileSdk=36
to this project's gradle.properties.

> Task :core:data:checkKotlinGradlePluginConfigurationErrors SKIPPED
> Task :core:data:preBuild UP-TO-DATE
> Task :core:testing:preBuild UP-TO-DATE
> Task :core:designsystem:checkKotlinGradlePluginConfigurationErrors SKIPPED
> Task :core:datastore:preBuild UP-TO-DATE
> Task :core:datastore:preDebugBuild UP-TO-DATE
> Task :core:designsystem:preBuild UP-TO-DATE
> Task :core:testing:preDebugBuild UP-TO-DATE
> Task :core:data:preDebugBuild UP-TO-DATE
> Task :core:datastore:checkKotlinGradlePluginConfigurationErrors SKIPPED
> Task :core:designsystem:preDebugBuild UP-TO-DATE
> Task :core:data:generateDebugResValues UP-TO-DATE
> Task :core:datastore:generateDebugResValues UP-TO-DATE
> Task :core:testing:writeDebugAarMetadata UP-TO-DATE
> Task :core:designsystem:generateDebugResValues UP-TO-DATE
> Task :core:data:generateDebugResources UP-TO-DATE
> Task :core:datastore:generateDebugResources UP-TO-DATE
> Task :core:designsystem:generateDebugResources UP-TO-DATE
> Task :core:testing:generateDebugResValues UP-TO-DATE
> Task :core:data:packageDebugResources UP-TO-DATE
> Task :core:testing:generateDebugResources UP-TO-DATE
> Task :core:designsystem:packageDebugResources UP-TO-DATE
> Task :core:datastore:packageDebugResources UP-TO-DATE
> Task :core:data:parseDebugLocalResources UP-TO-DATE
> Task :core:testing:packageDebugResources UP-TO-DATE
> Task :core:data:generateDebugRFile UP-TO-DATE
> Task :core:datastore:parseDebugLocalResources UP-TO-DATE
> Task :core:designsystem:parseDebugLocalResources UP-TO-DATE
> Task :core:testing:extractDeepLinksDebug UP-TO-DATE
> Task :core:datastore:generateDebugRFile UP-TO-DATE
> Task :core:designsystem:generateDebugRFile UP-TO-DATE
> Task :core:testing:processDebugManifest UP-TO-DATE
> Task :core:testing:compileDebugLibraryResources UP-TO-DATE
> Task :core:designsystem:javaPreCompileDebug UP-TO-DATE
> Task :core:designsystem:preDebugUnitTestBuild UP-TO-DATE
> Task :core:designsystem:writeDebugAarMetadata UP-TO-DATE
> Task :core:testing:parseDebugLocalResources UP-TO-DATE
> Task :core:designsystem:compileDebugLibraryResources UP-TO-DATE
> Task :core:designsystem:generateDebugUnitTestResValues UP-TO-DATE
> Task :core:testing:generateDebugRFile UP-TO-DATE
> Task :core:testing:checkKotlinGradlePluginConfigurationErrors SKIPPED
> Task :core:testing:javaPreCompileDebug UP-TO-DATE
> Task :core:testing:mergeDebugShaders UP-TO-DATE
> Task :core:testing:compileDebugShaders NO-SOURCE
> Task :core:testing:generateDebugAssets UP-TO-DATE
> Task :core:testing:packageDebugAssets UP-TO-DATE
> Task :core:datastore:kspDebugKotlin UP-TO-DATE
> Task :core:data:compileDebugKotlin UP-TO-DATE
> Task :core:data:javaPreCompileDebug UP-TO-DATE
> Task :core:data:compileDebugJavaWithJavac NO-SOURCE
> Task :core:data:bundleLibRuntimeToJarDebug UP-TO-DATE
> Task :core:datastore:compileDebugKotlin UP-TO-DATE
> Task :core:data:processDebugJavaRes UP-TO-DATE
> Task :core:datastore:javaPreCompileDebug UP-TO-DATE
> Task :core:data:bundleLibCompileToJarDebug UP-TO-DATE
> Task :core:data:compileDebugLibraryResources UP-TO-DATE
> Task :core:data:writeDebugAarMetadata UP-TO-DATE
> Task :core:data:extractDeepLinksDebug UP-TO-DATE
> Task :core:data:processDebugManifest UP-TO-DATE
> Task :core:datastore:compileDebugJavaWithJavac UP-TO-DATE
> Task :core:data:mergeDebugShaders UP-TO-DATE
> Task :core:data:compileDebugShaders NO-SOURCE
> Task :core:data:generateDebugAssets UP-TO-DATE
> Task :core:data:packageDebugAssets UP-TO-DATE
> Task :core:datastore:transformDebugClassesWithAsm UP-TO-DATE
> Task :core:datastore:bundleLibRuntimeToJarDebug UP-TO-DATE
> Task :core:datastore:processDebugJavaRes UP-TO-DATE
> Task :core:datastore:bundleLibCompileToJarDebug UP-TO-DATE
> Task :core:datastore:compileDebugLibraryResources UP-TO-DATE
> Task :core:datastore:writeDebugAarMetadata UP-TO-DATE
> Task :core:datastore:extractDeepLinksDebug UP-TO-DATE
> Task :core:datastore:processDebugManifest UP-TO-DATE
> Task :core:datastore:mergeDebugShaders UP-TO-DATE
> Task :core:datastore:compileDebugShaders NO-SOURCE
> Task :core:datastore:generateDebugAssets UP-TO-DATE
> Task :core:datastore:packageDebugAssets UP-TO-DATE
> Task :core:designsystem:mapDebugUnitTestSourceSetPaths UP-TO-DATE
> Task :core:testing:compileDebugKotlin UP-TO-DATE
> Task :core:testing:compileDebugJavaWithJavac NO-SOURCE
> Task :core:testing:bundleLibCompileToJarDebug UP-TO-DATE
> Task :core:testing:bundleLibRuntimeToJarDebug UP-TO-DATE
> Task :core:testing:processDebugJavaRes UP-TO-DATE
> Task :core:designsystem:compileDebugKotlin UP-TO-DATE
> Task :core:designsystem:compileDebugJavaWithJavac NO-SOURCE
> Task :core:designsystem:bundleLibRuntimeToJarDebug UP-TO-DATE
> Task :core:designsystem:bundleLibCompileToJarDebug UP-TO-DATE
> Task :core:designsystem:checkDebugUnitTestAarMetadata UP-TO-DATE
> Task :core:designsystem:generateDebugUnitTestResources UP-TO-DATE
> Task :core:designsystem:mergeDebugUnitTestResources UP-TO-DATE
> Task :core:designsystem:extractDeepLinksDebug UP-TO-DATE
> Task :core:designsystem:processDebugManifest UP-TO-DATE
> Task :core:designsystem:processDebugUnitTestManifest UP-TO-DATE
> Task :core:designsystem:processDebugUnitTestResources UP-TO-DATE
> Task :core:designsystem:compileDebugUnitTestKotlin UP-TO-DATE
> Task :core:designsystem:javaPreCompileDebugUnitTest UP-TO-DATE
> Task :core:designsystem:compileDebugUnitTestJavaWithJavac NO-SOURCE
> Task :core:designsystem:mergeDebugShaders UP-TO-DATE
> Task :core:designsystem:compileDebugShaders NO-SOURCE
> Task :core:designsystem:generateDebugAssets UP-TO-DATE
> Task :core:designsystem:mergeDebugAssets UP-TO-DATE
> Task :core:designsystem:generateDebugUnitTestAssets UP-TO-DATE
> Task :core:designsystem:packageDebugAssets UP-TO-DATE
> Task :core:designsystem:mergeDebugUnitTestAssets UP-TO-DATE
> Task :core:designsystem:packageDebugUnitTestForUnitTest UP-TO-DATE
> Task :core:designsystem:generateDebugUnitTestConfig UP-TO-DATE
> Task :core:designsystem:processDebugJavaRes UP-TO-DATE
> Task :core:designsystem:processDebugUnitTestJavaRes UP-TO-DATE
> Task :core:designsystem:testDebugUnitTest UP-TO-DATE
> Task :core:designsystem:finalizeTestRoborazziDebug SKIPPED

[Incubating] Problems report is available at: file:///home/zhiyi/dev/appdev-i84/build/reports/problems/problems-report.html

Deprecated Gradle features were used in this build, making it incompatible with Gradle 9.0.

You can use '--warning-mode all' to show the individual deprecation warnings and determine if they come from your own scripts or plugins.

For more on this, please refer to https://docs.gradle.org/8.12/userguide/command_line_interface.html#sec:command_line_warnings in the Gradle documentation.

BUILD SUCCESSFUL in 4s
91 actionable tasks: 91 up-to-date
